Component: ARM Compiler 5.06 update 6 (build 750) Tool: armlink [4d35ed]

==============================================================================

Section Cross References

    startup_lpc17xx.o(RESET) refers to startup_lpc17xx.o(STACK) for __initial_sp
    startup_lpc17xx.o(RESET) refers to startup_lpc17xx.o(.text) for Reset_Handler
    startup_lpc17xx.o(RESET) refers to irq.o(.text) for SysTick_Handler
    startup_lpc17xx.o(RESET) refers to usbdmain.o(.text) for TIMER0_IRQHandler
    startup_lpc17xx.o(RESET) refers to usbhw.o(.text) for USB_IRQHandler
    startup_lpc17xx.o(.text) refers to system_lpc17xx.o(.text) for SystemInit
    startup_lpc17xx.o(.text) refers to entry.o(.ARM.Collect$$$$00000000) for __main
    system_lpc17xx.o(.text) refers to uldiv.o(.text) for __aeabi_uldivmod
    system_lpc17xx.o(.text) refers to system_lpc17xx.o(.data) for .data
    glcd_spi_lpc1700.o(.text) refers to glcd_spi_lpc1700.o(.data) for .data
    glcd_spi_lpc1700.o(.text) refers to glcd_spi_lpc1700.o(.constdata) for .constdata
    led.o(.text) refers to led.o(.constdata) for .constdata
    irq.o(.text) refers to irq.o(.data) for .data
    blinky.o(.text) refers to printf3.o(i.__0snprintf$3) for __2snprintf
    blinky.o(.text) refers to glcd_spi_lpc1700.o(.text) for GLCD_Clear
    blinky.o(.text) refers to led.o(.text) for LED_Off
    blinky.o(.text) refers to kbd.o(.text) for get_button
    blinky.o(.text) refers to usbdmain.o(.text) for audio_main
    blinky.o(.text) refers to blinky.o(.data) for .data
    blinky.o(.text) refers to audio.o(.constdata) for AUDIO_pixel_data
    blinky.o(.text) refers to gamefallingobjects.o(.text) for gameFallingObjects
    blinky.o(.text) refers to gametictactoe.o(.text) for gameTicTacToe
    blinky.o(.text) refers to system_lpc17xx.o(.data) for SystemCoreClock
    blinky.o(.data) refers to drake_128x128.o(.constdata) for DRAKE_pixel_data
    blinky.o(.data) refers to liquid_swords.o(.constdata) for LIQUID_pixel_data
    blinky.o(.data) refers to michael.o(.constdata) for MICHAEL_pixel_data
    blinky.o(.data) refers to wayne.o(.constdata) for WAYNE_pixel_data
    blinky.o(.data) refers to nas.o(.constdata) for NAS_pixel_data
    blinky.o(.data) refers to em.o(.constdata) for EM_pixel_data
    blinky.o(.data) refers to ye.o(.constdata) for YE_pixel_data
    blinky.o(.data) refers to uzi.o(.constdata) for UZI_pixel_data
    gamefallingobjects.o(.text) refers to glcd_spi_lpc1700.o(.text) for GLCD_DisplayString
    gamefallingobjects.o(.text) refers to led.o(.text) for LED_On
    gamefallingobjects.o(.text) refers to kbd.o(.text) for get_button
    gamefallingobjects.o(.text) refers to printf3.o(i.__0snprintf$3) for __2snprintf
    gamefallingobjects.o(.text) refers to gamefallingobjects.o(.data) for .data
    gamefallingobjects.o(.text) refers to gamefallingobjects.o(.bss) for .bss
    gametictactoe.o(.text) refers to glcd_spi_lpc1700.o(.text) for GLCD_Clear
    gametictactoe.o(.text) refers to led.o(.text) for LED_On
    gametictactoe.o(.text) refers to kbd.o(.text) for get_button
    gametictactoe.o(.text) refers to gametictactoe.o(.data) for .data
    gametictactoe.o(.text) refers to gametictactoe.o(.bss) for .bss
    adcuser.o(.text) refers to usbcore.o(.data) for SetupPacket
    adcuser.o(.text) refers to usbcore.o(.bss) for EP0Buf
    adcuser.o(.text) refers to usbdmain.o(.data) for Mute
    adcuser.o(.text) refers to adcuser.o(.data) for .data
    usbcore.o(.text) refers to usbhw.o(.text) for USB_ReadEP
    usbcore.o(.text) refers to usbcore.o(i.USB_ReqGetStatus) for USB_ReqGetStatus
    usbcore.o(.text) refers to usbcore.o(i.USB_ReqSetClrFeature) for USB_ReqSetClrFeature
    usbcore.o(.text) refers to usbcore.o(i.USB_ReqGetDescriptor) for USB_ReqGetDescriptor
    usbcore.o(.text) refers to usbcore.o(i.USB_ReqSetConfiguration) for USB_ReqSetConfiguration
    usbcore.o(.text) refers to usbcore.o(i.USB_ReqSetInterface) for USB_ReqSetInterface
    usbcore.o(.text) refers to adcuser.o(.text) for ADC_IF_GetRequest
    usbcore.o(.text) refers to usbcore.o(.data) for .data
    usbcore.o(.text) refers to usbcore.o(.bss) for .bss
    usbdmain.o(.text) refers to led.o(.text) for LED_Off
    usbdmain.o(.text) refers to kbd.o(.text) for get_button
    usbdmain.o(.text) refers to system_lpc17xx.o(.text) for SystemClockUpdate
    usbdmain.o(.text) refers to usbhw.o(.text) for USB_Init
    usbdmain.o(.text) refers to usbdmain.o(.data) for .data
    usbdmain.o(.text) refers to adcuser.o(.data) for VolCur
    usbdmain.o(.text) refers to system_lpc17xx.o(.data) for SystemFrequency
    usbhw.o(.text) refers to usbhw.o(.data) for .data
    usbhw.o(.text) refers to usbhw.o(.bss) for .bss
    usbhw.o(.text) refers to usbhw.o(USB_RAM) for USB_RAM
    usbhw.o(.text) refers to usbcore.o(.data) for USB_DeviceStatus
    usbhw.o(.text) refers to usbhw.o(.constdata) for .constdata
    usbhw.o(.text) refers to usbuser.o(.text) for USB_Reset_Event
    usbhw.o(.text) refers to usbuser.o(.constdata) for USB_P_EP
    usbuser.o(.text) refers to usbcore.o(.text) for USB_ResetCore
    usbuser.o(.text) refers to usbhw.o(.text) for USB_DMA_BufAdr
    usbuser.o(.text) refers to usbdmain.o(.data) for DataBuf
    usbuser.o(.text) refers to usbdmain.o(.data) for InfoBuf
    usbuser.o(.constdata) refers to usbcore.o(.text) for USB_EndPoint0
    usbuser.o(.constdata) refers to usbuser.o(.text) for USB_EndPoint3
    entry.o(.ARM.Collect$$$$00000000) refers (Special) to entry10a.o(.ARM.Collect$$$$0000000D) for __rt_final_cpp
    entry.o(.ARM.Collect$$$$00000000) refers (Special) to entry11a.o(.ARM.Collect$$$$0000000F) for __rt_final_exit
    entry.o(.ARM.Collect$$$$00000000) refers (Special) to entry7b.o(.ARM.Collect$$$$00000008) for _main_clock
    entry.o(.ARM.Collect$$$$00000000) refers (Special) to entry8b.o(.ARM.Collect$$$$0000000A) for _main_cpp_init
    entry.o(.ARM.Collect$$$$00000000) refers (Special) to entry9a.o(.ARM.Collect$$$$0000000B) for _main_init
    entry.o(.ARM.Collect$$$$00000000) refers (Special) to entry5.o(.ARM.Collect$$$$00000004) for _main_scatterload
    entry.o(.ARM.Collect$$$$00000000) refers (Special) to entry2.o(.ARM.Collect$$$$00000001) for _main_stk
    uldiv.o(.text) refers to llushr.o(.text) for __aeabi_llsr
    uldiv.o(.text) refers to llshl.o(.text) for __aeabi_llsl
    printfb.o(i.__0fprintf$bare) refers to printfb.o(i._printf_core) for _printf_core
    printfb.o(i.__0fprintf$bare) refers to fputc.o(i.fputc) for fputc
    printfb.o(i.__0printf$bare) refers to printfb.o(i._printf_core) for _printf_core
    printfb.o(i.__0printf$bare) refers to fputc.o(i.fputc) for fputc
    printfb.o(i.__0printf$bare) refers to blinky.o(.data) for __stdout
    printfb.o(i.__0snprintf$bare) refers to printfb.o(i._printf_core) for _printf_core
    printfb.o(i.__0snprintf$bare) refers to printfb.o(i._snputc) for _snputc
    printfb.o(i.__0sprintf$bare) refers to printfb.o(i._printf_core) for _printf_core
    printfb.o(i.__0sprintf$bare) refers to printfb.o(i._sputc) for _sputc
    printfb.o(i.__0vfprintf$bare) refers to printfb.o(i._printf_core) for _printf_core
    printfb.o(i.__0vfprintf$bare) refers to fputc.o(i.fputc) for fputc
    printfb.o(i.__0vprintf$bare) refers to printfb.o(i._printf_core) for _printf_core
    printfb.o(i.__0vprintf$bare) refers to fputc.o(i.fputc) for fputc
    printfb.o(i.__0vprintf$bare) refers to blinky.o(.data) for __stdout
    printfb.o(i.__0vsnprintf$bare) refers to printfb.o(i._printf_core) for _printf_core
    printfb.o(i.__0vsnprintf$bare) refers to printfb.o(i._snputc) for _snputc
    printfb.o(i.__0vsprintf$bare) refers to printfb.o(i._printf_core) for _printf_core
    printfb.o(i.__0vsprintf$bare) refers to printfb.o(i._sputc) for _sputc
    printf0.o(i.__0fprintf$0) refers to printf0.o(i._printf_core) for _printf_core
    printf0.o(i.__0fprintf$0) refers to fputc.o(i.fputc) for fputc
    printf0.o(i.__0printf$0) refers to printf0.o(i._printf_core) for _printf_core
    printf0.o(i.__0printf$0) refers to fputc.o(i.fputc) for fputc
    printf0.o(i.__0printf$0) refers to blinky.o(.data) for __stdout
    printf0.o(i.__0snprintf$0) refers to printf0.o(i._printf_core) for _printf_core
    printf0.o(i.__0snprintf$0) refers to printf0.o(i._snputc) for _snputc
    printf0.o(i.__0sprintf$0) refers to printf0.o(i._printf_core) for _printf_core
    printf0.o(i.__0sprintf$0) refers to printf0.o(i._sputc) for _sputc
    printf0.o(i.__0vfprintf$0) refers to printf0.o(i._printf_core) for _printf_core
    printf0.o(i.__0vfprintf$0) refers to fputc.o(i.fputc) for fputc
    printf0.o(i.__0vprintf$0) refers to printf0.o(i._printf_core) for _printf_core
    printf0.o(i.__0vprintf$0) refers to fputc.o(i.fputc) for fputc
    printf0.o(i.__0vprintf$0) refers to blinky.o(.data) for __stdout
    printf0.o(i.__0vsnprintf$0) refers to printf0.o(i._printf_core) for _printf_core
    printf0.o(i.__0vsnprintf$0) refers to printf0.o(i._snputc) for _snputc
    printf0.o(i.__0vsprintf$0) refers to printf0.o(i._printf_core) for _printf_core
    printf0.o(i.__0vsprintf$0) refers to printf0.o(i._sputc) for _sputc
    printf1.o(i.__0fprintf$1) refers to printf1.o(i._printf_core) for _printf_core
    printf1.o(i.__0fprintf$1) refers to fputc.o(i.fputc) for fputc
    printf1.o(i.__0printf$1) refers to printf1.o(i._printf_core) for _printf_core
    printf1.o(i.__0printf$1) refers to fputc.o(i.fputc) for fputc
    printf1.o(i.__0printf$1) refers to blinky.o(.data) for __stdout
    printf1.o(i.__0snprintf$1) refers to printf1.o(i._printf_core) for _printf_core
    printf1.o(i.__0snprintf$1) refers to printf1.o(i._snputc) for _snputc
    printf1.o(i.__0sprintf$1) refers to printf1.o(i._printf_core) for _printf_core
    printf1.o(i.__0sprintf$1) refers to printf1.o(i._sputc) for _sputc
    printf1.o(i.__0vfprintf$1) refers to printf1.o(i._printf_core) for _printf_core
    printf1.o(i.__0vfprintf$1) refers to fputc.o(i.fputc) for fputc
    printf1.o(i.__0vprintf$1) refers to printf1.o(i._printf_core) for _printf_core
    printf1.o(i.__0vprintf$1) refers to fputc.o(i.fputc) for fputc
    printf1.o(i.__0vprintf$1) refers to blinky.o(.data) for __stdout
    printf1.o(i.__0vsnprintf$1) refers to printf1.o(i._printf_core) for _printf_core
    printf1.o(i.__0vsnprintf$1) refers to printf1.o(i._snputc) for _snputc
    printf1.o(i.__0vsprintf$1) refers to printf1.o(i._printf_core) for _printf_core
    printf1.o(i.__0vsprintf$1) refers to printf1.o(i._sputc) for _sputc
    printf1.o(i._printf_core) refers to uidiv.o(.text) for __aeabi_uidivmod
    printf2.o(i.__0fprintf$2) refers to printf2.o(i._printf_core) for _printf_core
    printf2.o(i.__0fprintf$2) refers to fputc.o(i.fputc) for fputc
    printf2.o(i.__0printf$2) refers to printf2.o(i._printf_core) for _printf_core
    printf2.o(i.__0printf$2) refers to fputc.o(i.fputc) for fputc
    printf2.o(i.__0printf$2) refers to blinky.o(.data) for __stdout
    printf2.o(i.__0snprintf$2) refers to printf2.o(i._printf_core) for _printf_core
    printf2.o(i.__0snprintf$2) refers to printf2.o(i._snputc) for _snputc
    printf2.o(i.__0sprintf$2) refers to printf2.o(i._printf_core) for _printf_core
    printf2.o(i.__0sprintf$2) refers to printf2.o(i._sputc) for _sputc
    printf2.o(i.__0vfprintf$2) refers to printf2.o(i._printf_core) for _printf_core
    printf2.o(i.__0vfprintf$2) refers to fputc.o(i.fputc) for fputc
    printf2.o(i.__0vprintf$2) refers to printf2.o(i._printf_core) for _printf_core
    printf2.o(i.__0vprintf$2) refers to fputc.o(i.fputc) for fputc
    printf2.o(i.__0vprintf$2) refers to blinky.o(.data) for __stdout
    printf2.o(i.__0vsnprintf$2) refers to printf2.o(i._printf_core) for _printf_core
    printf2.o(i.__0vsnprintf$2) refers to printf2.o(i._snputc) for _snputc
    printf2.o(i.__0vsprintf$2) refers to printf2.o(i._printf_core) for _printf_core
    printf2.o(i.__0vsprintf$2) refers to printf2.o(i._sputc) for _sputc
    printf3.o(i.__0fprintf$3) refers to printf3.o(i._printf_core) for _printf_core
    printf3.o(i.__0fprintf$3) refers to fputc.o(i.fputc) for fputc
    printf3.o(i.__0printf$3) refers to printf3.o(i._printf_core) for _printf_core
    printf3.o(i.__0printf$3) refers to fputc.o(i.fputc) for fputc
    printf3.o(i.__0printf$3) refers to blinky.o(.data) for __stdout
    printf3.o(i.__0snprintf$3) refers to printf3.o(i._printf_core) for _printf_core
    printf3.o(i.__0snprintf$3) refers to printf3.o(i._snputc) for _snputc
    printf3.o(i.__0sprintf$3) refers to printf3.o(i._printf_core) for _printf_core
    printf3.o(i.__0sprintf$3) refers to printf3.o(i._sputc) for _sputc
    printf3.o(i.__0vfprintf$3) refers to printf3.o(i._printf_core) for _printf_core
    printf3.o(i.__0vfprintf$3) refers to fputc.o(i.fputc) for fputc
    printf3.o(i.__0vprintf$3) refers to printf3.o(i._printf_core) for _printf_core
    printf3.o(i.__0vprintf$3) refers to fputc.o(i.fputc) for fputc
    printf3.o(i.__0vprintf$3) refers to blinky.o(.data) for __stdout
    printf3.o(i.__0vsnprintf$3) refers to printf3.o(i._printf_core) for _printf_core
    printf3.o(i.__0vsnprintf$3) refers to printf3.o(i._snputc) for _snputc
    printf3.o(i.__0vsprintf$3) refers to printf3.o(i._printf_core) for _printf_core
    printf3.o(i.__0vsprintf$3) refers to printf3.o(i._sputc) for _sputc
    printf3.o(i._printf_core) refers to uidiv.o(.text) for __aeabi_uidivmod
    printf4.o(i.__0fprintf$4) refers to printf4.o(i._printf_core) for _printf_core
    printf4.o(i.__0fprintf$4) refers to fputc.o(i.fputc) for fputc
    printf4.o(i.__0printf$4) refers to printf4.o(i._printf_core) for _printf_core
    printf4.o(i.__0printf$4) refers to fputc.o(i.fputc) for fputc
    printf4.o(i.__0printf$4) refers to blinky.o(.data) for __stdout
    printf4.o(i.__0snprintf$4) refers to printf4.o(i._printf_core) for _printf_core
    printf4.o(i.__0snprintf$4) refers to printf4.o(i._snputc) for _snputc
    printf4.o(i.__0sprintf$4) refers to printf4.o(i._printf_core) for _printf_core
    printf4.o(i.__0sprintf$4) refers to printf4.o(i._sputc) for _sputc
    printf4.o(i.__0vfprintf$4) refers to printf4.o(i._printf_core) for _printf_core
    printf4.o(i.__0vfprintf$4) refers to fputc.o(i.fputc) for fputc
    printf4.o(i.__0vprintf$4) refers to printf4.o(i._printf_core) for _printf_core
    printf4.o(i.__0vprintf$4) refers to fputc.o(i.fputc) for fputc
    printf4.o(i.__0vprintf$4) refers to blinky.o(.data) for __stdout
    printf4.o(i.__0vsnprintf$4) refers to printf4.o(i._printf_core) for _printf_core
    printf4.o(i.__0vsnprintf$4) refers to printf4.o(i._snputc) for _snputc
    printf4.o(i.__0vsprintf$4) refers to printf4.o(i._printf_core) for _printf_core
    printf4.o(i.__0vsprintf$4) refers to printf4.o(i._sputc) for _sputc
    printf4.o(i._printf_core) refers to uldiv.o(.text) for __aeabi_uldivmod
    printf5.o(i.__0fprintf$5) refers to printf5.o(i._printf_core) for _printf_core
    printf5.o(i.__0fprintf$5) refers to fputc.o(i.fputc) for fputc
    printf5.o(i.__0printf$5) refers to printf5.o(i._printf_core) for _printf_core
    printf5.o(i.__0printf$5) refers to fputc.o(i.fputc) for fputc
    printf5.o(i.__0printf$5) refers to blinky.o(.data) for __stdout
    printf5.o(i.__0snprintf$5) refers to printf5.o(i._printf_core) for _printf_core
    printf5.o(i.__0snprintf$5) refers to printf5.o(i._snputc) for _snputc
    printf5.o(i.__0sprintf$5) refers to printf5.o(i._printf_core) for _printf_core
    printf5.o(i.__0sprintf$5) refers to printf5.o(i._sputc) for _sputc
    printf5.o(i.__0vfprintf$5) refers to printf5.o(i._printf_core) for _printf_core
    printf5.o(i.__0vfprintf$5) refers to fputc.o(i.fputc) for fputc
    printf5.o(i.__0vprintf$5) refers to printf5.o(i._printf_core) for _printf_core
    printf5.o(i.__0vprintf$5) refers to fputc.o(i.fputc) for fputc
    printf5.o(i.__0vprintf$5) refers to blinky.o(.data) for __stdout
    printf5.o(i.__0vsnprintf$5) refers to printf5.o(i._printf_core) for _printf_core
    printf5.o(i.__0vsnprintf$5) refers to printf5.o(i._snputc) for _snputc
    printf5.o(i.__0vsprintf$5) refers to printf5.o(i._printf_core) for _printf_core
    printf5.o(i.__0vsprintf$5) refers to printf5.o(i._sputc) for _sputc
    printf5.o(i._printf_core) refers to uldiv.o(.text) for __aeabi_uldivmod
    printf6.o(i.__0fprintf$6) refers to printf6.o(i._printf_core) for _printf_core
    printf6.o(i.__0fprintf$6) refers to fputc.o(i.fputc) for fputc
    printf6.o(i.__0printf$6) refers to printf6.o(i._printf_core) for _printf_core
    printf6.o(i.__0printf$6) refers to fputc.o(i.fputc) for fputc
    printf6.o(i.__0printf$6) refers to blinky.o(.data) for __stdout
    printf6.o(i.__0snprintf$6) refers to printf6.o(i._printf_core) for _printf_core
    printf6.o(i.__0snprintf$6) refers to printf6.o(i._snputc) for _snputc
    printf6.o(i.__0sprintf$6) refers to printf6.o(i._printf_core) for _printf_core
    printf6.o(i.__0sprintf$6) refers to printf6.o(i._sputc) for _sputc
    printf6.o(i.__0vfprintf$6) refers to printf6.o(i._printf_core) for _printf_core
    printf6.o(i.__0vfprintf$6) refers to fputc.o(i.fputc) for fputc
    printf6.o(i.__0vprintf$6) refers to printf6.o(i._printf_core) for _printf_core
    printf6.o(i.__0vprintf$6) refers to fputc.o(i.fputc) for fputc
    printf6.o(i.__0vprintf$6) refers to blinky.o(.data) for __stdout
    printf6.o(i.__0vsnprintf$6) refers to printf6.o(i._printf_core) for _printf_core
    printf6.o(i.__0vsnprintf$6) refers to printf6.o(i._snputc) for _snputc
    printf6.o(i.__0vsprintf$6) refers to printf6.o(i._printf_core) for _printf_core
    printf6.o(i.__0vsprintf$6) refers to printf6.o(i._sputc) for _sputc
    printf6.o(i._printf_core) refers to printf6.o(i._printf_pre_padding) for _printf_pre_padding
    printf6.o(i._printf_core) refers to uidiv.o(.text) for __aeabi_uidivmod
    printf6.o(i._printf_core) refers to printf6.o(i._printf_post_padding) for _printf_post_padding
    printf7.o(i.__0fprintf$7) refers to printf7.o(i._printf_core) for _printf_core
    printf7.o(i.__0fprintf$7) refers to fputc.o(i.fputc) for fputc
    printf7.o(i.__0printf$7) refers to printf7.o(i._printf_core) for _printf_core
    printf7.o(i.__0printf$7) refers to fputc.o(i.fputc) for fputc
    printf7.o(i.__0printf$7) refers to blinky.o(.data) for __stdout
    printf7.o(i.__0snprintf$7) refers to printf7.o(i._printf_core) for _printf_core
    printf7.o(i.__0snprintf$7) refers to printf7.o(i._snputc) for _snputc
    printf7.o(i.__0sprintf$7) refers to printf7.o(i._printf_core) for _printf_core
    printf7.o(i.__0sprintf$7) refers to printf7.o(i._sputc) for _sputc
    printf7.o(i.__0vfprintf$7) refers to printf7.o(i._printf_core) for _printf_core
    printf7.o(i.__0vfprintf$7) refers to fputc.o(i.fputc) for fputc
    printf7.o(i.__0vprintf$7) refers to printf7.o(i._printf_core) for _printf_core
    printf7.o(i.__0vprintf$7) refers to fputc.o(i.fputc) for fputc
    printf7.o(i.__0vprintf$7) refers to blinky.o(.data) for __stdout
    printf7.o(i.__0vsnprintf$7) refers to printf7.o(i._printf_core) for _printf_core
    printf7.o(i.__0vsnprintf$7) refers to printf7.o(i._snputc) for _snputc
    printf7.o(i.__0vsprintf$7) refers to printf7.o(i._printf_core) for _printf_core
    printf7.o(i.__0vsprintf$7) refers to printf7.o(i._sputc) for _sputc
    printf7.o(i._printf_core) refers to printf7.o(i._printf_pre_padding) for _printf_pre_padding
    printf7.o(i._printf_core) refers to uldiv.o(.text) for __aeabi_uldivmod
    printf7.o(i._printf_core) refers to printf7.o(i._printf_post_padding) for _printf_post_padding
    printf8.o(i.__0fprintf$8) refers to printf8.o(i._printf_core) for _printf_core
    printf8.o(i.__0fprintf$8) refers to fputc.o(i.fputc) for fputc
    printf8.o(i.__0printf$8) refers to printf8.o(i._printf_core) for _printf_core
    printf8.o(i.__0printf$8) refers to fputc.o(i.fputc) for fputc
    printf8.o(i.__0printf$8) refers to blinky.o(.data) for __stdout
    printf8.o(i.__0snprintf$8) refers to printf8.o(i._printf_core) for _printf_core
    printf8.o(i.__0snprintf$8) refers to printf8.o(i._snputc) for _snputc
    printf8.o(i.__0sprintf$8) refers to printf8.o(i._printf_core) for _printf_core
    printf8.o(i.__0sprintf$8) refers to printf8.o(i._sputc) for _sputc
    printf8.o(i.__0vfprintf$8) refers to printf8.o(i._printf_core) for _printf_core
    printf8.o(i.__0vfprintf$8) refers to fputc.o(i.fputc) for fputc
    printf8.o(i.__0vprintf$8) refers to printf8.o(i._printf_core) for _printf_core
    printf8.o(i.__0vprintf$8) refers to fputc.o(i.fputc) for fputc
    printf8.o(i.__0vprintf$8) refers to blinky.o(.data) for __stdout
    printf8.o(i.__0vsnprintf$8) refers to printf8.o(i._printf_core) for _printf_core
    printf8.o(i.__0vsnprintf$8) refers to printf8.o(i._snputc) for _snputc
    printf8.o(i.__0vsprintf$8) refers to printf8.o(i._printf_core) for _printf_core
    printf8.o(i.__0vsprintf$8) refers to printf8.o(i._sputc) for _sputc
    printf8.o(i._printf_core) refers to printf8.o(i._printf_pre_padding) for _printf_pre_padding
    printf8.o(i._printf_core) refers to uldiv.o(.text) for __aeabi_uldivmod
    printf8.o(i._printf_core) refers to printf8.o(i._printf_post_padding) for _printf_post_padding
    printfa.o(i.__0fprintf) refers (Special) to iusefp.o(.text) for __I$use$fp
    printfa.o(i.__0fprintf) refers to printfa.o(i._printf_core) for _printf_core
    printfa.o(i.__0fprintf) refers to fputc.o(i.fputc) for fputc
    printfa.o(i.__0printf) refers (Special) to iusefp.o(.text) for __I$use$fp
    printfa.o(i.__0printf) refers to printfa.o(i._printf_core) for _printf_core
    printfa.o(i.__0printf) refers to fputc.o(i.fputc) for fputc
    printfa.o(i.__0printf) refers to blinky.o(.data) for __stdout
    printfa.o(i.__0snprintf) refers (Special) to iusefp.o(.text) for __I$use$fp
    printfa.o(i.__0snprintf) refers to printfa.o(i._printf_core) for _printf_core
    printfa.o(i.__0snprintf) refers to printfa.o(i._snputc) for _snputc
    printfa.o(i.__0sprintf) refers (Special) to iusefp.o(.text) for __I$use$fp
    printfa.o(i.__0sprintf) refers to printfa.o(i._printf_core) for _printf_core
    printfa.o(i.__0sprintf) refers to printfa.o(i._sputc) for _sputc
    printfa.o(i.__0vfprintf) refers (Special) to iusefp.o(.text) for __I$use$fp
    printfa.o(i.__0vfprintf) refers to printfa.o(i._printf_core) for _printf_core
    printfa.o(i.__0vfprintf) refers to fputc.o(i.fputc) for fputc
    printfa.o(i.__0vprintf) refers (Special) to iusefp.o(.text) for __I$use$fp
    printfa.o(i.__0vprintf) refers to printfa.o(i._printf_core) for _printf_core
    printfa.o(i.__0vprintf) refers to fputc.o(i.fputc) for fputc
    printfa.o(i.__0vprintf) refers to blinky.o(.data) for __stdout
    printfa.o(i.__0vsnprintf) refers (Special) to iusefp.o(.text) for __I$use$fp
    printfa.o(i.__0vsnprintf) refers to printfa.o(i._printf_core) for _printf_core
    printfa.o(i.__0vsnprintf) refers to printfa.o(i._snputc) for _snputc
    printfa.o(i.__0vsprintf) refers (Special) to iusefp.o(.text) for __I$use$fp
    printfa.o(i.__0vsprintf) refers to printfa.o(i._printf_core) for _printf_core
    printfa.o(i.__0vsprintf) refers to printfa.o(i._sputc) for _sputc
    printfa.o(i._fp_digits) refers (Special) to iusefp.o(.text) for __I$use$fp
    printfa.o(i._fp_digits) refers to dmul.o(.text) for __aeabi_dmul
    printfa.o(i._fp_digits) refers to ddiv.o(.text) for __aeabi_ddiv
    printfa.o(i._fp_digits) refers to cdrcmple.o(.text) for __aeabi_cdrcmple
    printfa.o(i._fp_digits) refers to dadd.o(.text) for __aeabi_dadd
    printfa.o(i._fp_digits) refers to dfixul.o(.text) for __aeabi_d2ulz
    printfa.o(i._fp_digits) refers to uldiv.o(.text) for __aeabi_uldivmod
    printfa.o(i._printf_core) refers (Special) to iusefp.o(.text) for __I$use$fp
    printfa.o(i._printf_core) refers to printfa.o(i._printf_pre_padding) for _printf_pre_padding
    printfa.o(i._printf_core) refers to uldiv.o(.text) for __aeabi_uldivmod
    printfa.o(i._printf_core) refers to printfa.o(i._printf_post_padding) for _printf_post_padding
    printfa.o(i._printf_core) refers to printfa.o(i._fp_digits) for _fp_digits
    printfa.o(i._printf_core) refers to uidiv.o(.text) for __aeabi_uidivmod
    printfa.o(i._printf_post_padding) refers (Special) to iusefp.o(.text) for __I$use$fp
    printfa.o(i._printf_pre_padding) refers (Special) to iusefp.o(.text) for __I$use$fp
    printfa.o(i._snputc) refers (Special) to iusefp.o(.text) for __I$use$fp
    printfa.o(i._sputc) refers (Special) to iusefp.o(.text) for __I$use$fp
    entry2.o(.ARM.Collect$$$$00000001) refers to entry2.o(.ARM.Collect$$$$00002712) for __lit__00000000
    entry2.o(.ARM.Collect$$$$00002712) refers to startup_lpc17xx.o(STACK) for __initial_sp
    entry2.o(__vectab_stack_and_reset_area) refers to startup_lpc17xx.o(STACK) for __initial_sp
    entry2.o(__vectab_stack_and_reset_area) refers to entry.o(.ARM.Collect$$$$00000000) for __main
    entry5.o(.ARM.Collect$$$$00000004) refers to init.o(.text) for __scatterload
    entry9a.o(.ARM.Collect$$$$0000000B) refers to blinky.o(.text) for main
    entry9b.o(.ARM.Collect$$$$0000000C) refers to blinky.o(.text) for main
    fputc.o(i.fputc) refers (Special) to iusesemip.o(.text) for __I$use$semihosting$fputc
    fputc.o(i.fputc) refers (Special) to semi.o(.text) for __semihosting_library_function
    dadd.o(.text) refers to llshl.o(.text) for __aeabi_llsl
    dadd.o(.text) refers to llsshr.o(.text) for __aeabi_lasr
    dadd.o(.text) refers to depilogue.o(.text) for _double_epilogue
    dmul.o(.text) refers to depilogue.o(.text) for _double_epilogue
    ddiv.o(.text) refers to depilogue.o(.text) for _double_round
    dfixul.o(.text) refers to llushr.o(.text) for __aeabi_llsr
    dfixul.o(.text) refers to llshl.o(.text) for __aeabi_llsl
    init.o(.text) refers to entry5.o(.ARM.Collect$$$$00000004) for __main_after_scatterload
    depilogue.o(.text) refers to llshl.o(.text) for __aeabi_llsl
    depilogue.o(.text) refers to llushr.o(.text) for __aeabi_llsr
    usbcore.o(i.USB_ReqSetClrFeature) refers to usbhw.o(.text) for USB_WakeUpCfg
    usbcore.o(i.USB_ReqSetClrFeature) refers to usbcore.o(.data) for .data
    usbcore.o(i.USB_ReqSetConfiguration) refers to usbhw.o(.text) for USB_DisableEP
    usbcore.o(i.USB_ReqSetConfiguration) refers to usbcore.o(.data) for .data
    usbcore.o(i.USB_ReqSetConfiguration) refers to usbdesc.o(.constdata) for USB_ConfigDescriptor
    usbcore.o(i.USB_ReqSetInterface) refers to usbhw.o(.text) for USB_ConfigEP
    usbcore.o(i.USB_ReqSetInterface) refers to usbcore.o(.data) for .data
    usbcore.o(i.USB_ReqSetInterface) refers to usbdesc.o(.constdata) for USB_ConfigDescriptor
    usbcore.o(i.USB_ReqGetStatus) refers to usbcore.o(.data) for .data
    usbcore.o(i.USB_ReqGetStatus) refers to usbcore.o(.bss) for .bss
    usbcore.o(i.USB_ReqGetDescriptor) refers to usbcore.o(.data) for .data
    usbcore.o(i.USB_ReqGetDescriptor) refers to usbdesc.o(.constdata) for USB_DeviceDescriptor
    usbcore.o(i.USB_ReqGetDescriptor) refers to usbdesc.o(.constdata) for USB_ConfigDescriptor
    usbcore.o(i.USB_ReqGetDescriptor) refers to usbdesc.o(.constdata) for USB_StringDescriptor


==============================================================================

Removing Unused input sections from the image.

    Removing startup_lpc17xx.o(HEAP), (0 bytes).
    Removing blinky.o(.data), (4 bytes).
    Removing blinky.o(.data), (4 bytes).
    Removing kbd.o(.data), (4 bytes).
    Removing adcuser.o(.constdata), (2 bytes).
    Removing adcuser.o(.constdata), (2 bytes).
    Removing adcuser.o(.constdata), (2 bytes).
    Removing core_cm3.o(.emb_text), (32 bytes).
    Removing usbdmain.o(.data), (4 bytes).
    Removing usbhw.o(USB_RAM), (256 bytes).
    Removing usbhw.o(USB_RAM), (160 bytes).
    Removing dadd.o(.text), (334 bytes).
    Removing dmul.o(.text), (228 bytes).
    Removing ddiv.o(.text), (222 bytes).
    Removing dfixul.o(.text), (48 bytes).
    Removing cdrcmple.o(.text), (48 bytes).
    Removing depilogue.o(.text), (186 bytes).

17 unused section(s) (total 1536 bytes) removed from the image.

==============================================================================

Image Symbol Table

    Local Symbols

    Symbol Name                              Value     Ov Type        Size  Object(Section)

    RESET                                    0x00000000   Section      204  startup_lpc17xx.o(RESET)
    ../clib/../cmprslib/zerorunl2.c          0x00000000   Number         0  __dczerorl2.o ABSOLUTE
    ../clib/microlib/division.c              0x00000000   Number         0  uidiv.o ABSOLUTE
    ../clib/microlib/division.c              0x00000000   Number         0  uldiv.o ABSOLUTE
    ../clib/microlib/init/entry.s            0x00000000   Number         0  entry5.o ABSOLUTE
    ../clib/microlib/init/entry.s            0x00000000   Number         0  entry8a.o ABSOLUTE
    ../clib/microlib/init/entry.s            0x00000000   Number         0  entry7b.o ABSOLUTE
    ../clib/microlib/init/entry.s            0x00000000   Number         0  entry7a.o ABSOLUTE
    ../clib/microlib/init/entry.s            0x00000000   Number         0  entry2.o ABSOLUTE
    ../clib/microlib/init/entry.s            0x00000000   Number         0  entry11b.o ABSOLUTE
    ../clib/microlib/init/entry.s            0x00000000   Number         0  entry11a.o ABSOLUTE
    ../clib/microlib/init/entry.s            0x00000000   Number         0  entry8b.o ABSOLUTE
    ../clib/microlib/init/entry.s            0x00000000   Number         0  entry.o ABSOLUTE
    ../clib/microlib/init/entry.s            0x00000000   Number         0  entry10b.o ABSOLUTE
    ../clib/microlib/init/entry.s            0x00000000   Number         0  entry9b.o ABSOLUTE
    ../clib/microlib/init/entry.s            0x00000000   Number         0  entry10a.o ABSOLUTE
    ../clib/microlib/init/entry.s            0x00000000   Number         0  entry9a.o ABSOLUTE
    ../clib/microlib/longlong.c              0x00000000   Number         0  llshl.o ABSOLUTE
    ../clib/microlib/longlong.c              0x00000000   Number         0  llsshr.o ABSOLUTE
    ../clib/microlib/longlong.c              0x00000000   Number         0  llushr.o ABSOLUTE
    ../clib/microlib/printf/printf.c         0x00000000   Number         0  printf3.o ABSOLUTE
    ../clib/microlib/printf/printf.c         0x00000000   Number         0  printf2.o ABSOLUTE
    ../clib/microlib/printf/printf.c         0x00000000   Number         0  printf8.o ABSOLUTE
    ../clib/microlib/printf/printf.c         0x00000000   Number         0  printfb.o ABSOLUTE
    ../clib/microlib/printf/printf.c         0x00000000   Number         0  printf1.o ABSOLUTE
    ../clib/microlib/printf/printf.c         0x00000000   Number         0  printf0.o ABSOLUTE
    ../clib/microlib/printf/printf.c         0x00000000   Number         0  printfa.o ABSOLUTE
    ../clib/microlib/printf/printf.c         0x00000000   Number         0  printf7.o ABSOLUTE
    ../clib/microlib/printf/printf.c         0x00000000   Number         0  printf6.o ABSOLUTE
    ../clib/microlib/printf/printf.c         0x00000000   Number         0  printf5.o ABSOLUTE
    ../clib/microlib/printf/printf.c         0x00000000   Number         0  printf4.o ABSOLUTE
    ../clib/microlib/printf/stubs.s          0x00000000   Number         0  stubs.o ABSOLUTE
    ../clib/microlib/stdio/fputc.c           0x00000000   Number         0  fputc.o ABSOLUTE
    ../clib/microlib/stdio/semi.s            0x00000000   Number         0  semi.o ABSOLUTE
    ../clib/microlib/stubs.s                 0x00000000   Number         0  iusesemip.o ABSOLUTE
    ../clib/microlib/stubs.s                 0x00000000   Number         0  iusefp.o ABSOLUTE
    ../fplib/microlib/fpadd.c                0x00000000   Number         0  dadd.o ABSOLUTE
    ../fplib/microlib/fpdiv.c                0x00000000   Number         0  ddiv.o ABSOLUTE
    ../fplib/microlib/fpepilogue.c           0x00000000   Number         0  depilogue.o ABSOLUTE
    ../fplib/microlib/fpfix.c                0x00000000   Number         0  dfixul.o ABSOLUTE
    ../fplib/microlib/fpmul.c                0x00000000   Number         0  dmul.o ABSOLUTE
    Blinky.c                                 0x00000000   Number         0  blinky.o ABSOLUTE
    Drake_128x128.c                          0x00000000   Number         0  drake_128x128.o ABSOLUTE
    GLCD_SPI_LPC1700.c                       0x00000000   Number         0  glcd_spi_lpc1700.o ABSOLUTE
    IRQ.c                                    0x00000000   Number         0  irq.o ABSOLUTE
    KBD.c                                    0x00000000   Number         0  kbd.o ABSOLUTE
    LED.c                                    0x00000000   Number         0  led.o ABSOLUTE
    audio.c                                  0x00000000   Number         0  audio.o ABSOLUTE
    audio\\core_cm3.c                        0x00000000   Number         0  core_cm3.o ABSOLUTE
    audio\adcuser.c                          0x00000000   Number         0  adcuser.o ABSOLUTE
    audio\core_cm3.c                         0x00000000   Number         0  core_cm3.o ABSOLUTE
    audio\usbcore.c                          0x00000000   Number         0  usbcore.o ABSOLUTE
    audio\usbdesc.c                          0x00000000   Number         0  usbdesc.o ABSOLUTE
    audio\usbdmain.c                         0x00000000   Number         0  usbdmain.o ABSOLUTE
    audio\usbhw.c                            0x00000000   Number         0  usbhw.o ABSOLUTE
    audio\usbuser.c                          0x00000000   Number         0  usbuser.o ABSOLUTE
    cdrcmple.s                               0x00000000   Number         0  cdrcmple.o ABSOLUTE
    dc.s                                     0x00000000   Number         0  dc.o ABSOLUTE
    em.c                                     0x00000000   Number         0  em.o ABSOLUTE
    gameFallingObjects.c                     0x00000000   Number         0  gamefallingobjects.o ABSOLUTE
    gameTicTacToe.c                          0x00000000   Number         0  gametictactoe.o ABSOLUTE
    handlers.s                               0x00000000   Number         0  handlers.o ABSOLUTE
    init.s                                   0x00000000   Number         0  init.o ABSOLUTE
    liquid_swords.c                          0x00000000   Number         0  liquid_swords.o ABSOLUTE
    michael.c                                0x00000000   Number         0  michael.o ABSOLUTE
    nas.c                                    0x00000000   Number         0  nas.o ABSOLUTE
    startup_LPC17xx.s                        0x00000000   Number         0  startup_lpc17xx.o ABSOLUTE
    system_LPC17xx.c                         0x00000000   Number         0  system_lpc17xx.o ABSOLUTE
    uzi.c                                    0x00000000   Number         0  uzi.o ABSOLUTE
    wayne.c                                  0x00000000   Number         0  wayne.o ABSOLUTE
    ye.c                                     0x00000000   Number         0  ye.o ABSOLUTE
    .ARM.Collect$$$$00000000                 0x000000cc   Section        0  entry.o(.ARM.Collect$$$$00000000)
    .ARM.Collect$$$$00000001                 0x000000cc   Section        4  entry2.o(.ARM.Collect$$$$00000001)
    .ARM.Collect$$$$00000004                 0x000000d0   Section        4  entry5.o(.ARM.Collect$$$$00000004)
    .ARM.Collect$$$$00000008                 0x000000d4   Section        0  entry7b.o(.ARM.Collect$$$$00000008)
    .ARM.Collect$$$$0000000A                 0x000000d4   Section        0  entry8b.o(.ARM.Collect$$$$0000000A)
    .ARM.Collect$$$$0000000B                 0x000000d4   Section        8  entry9a.o(.ARM.Collect$$$$0000000B)
    .ARM.Collect$$$$0000000D                 0x000000dc   Section        0  entry10a.o(.ARM.Collect$$$$0000000D)
    .ARM.Collect$$$$0000000F                 0x000000dc   Section        0  entry11a.o(.ARM.Collect$$$$0000000F)
    .ARM.Collect$$$$00002712                 0x000000dc   Section        4  entry2.o(.ARM.Collect$$$$00002712)
    __lit__00000000                          0x000000dc   Data           4  entry2.o(.ARM.Collect$$$$00002712)
    .text                                    0x000000e0   Section       36  startup_lpc17xx.o(.text)
    .text                                    0x00000104   Section        0  led.o(.text)
    .text                                    0x0000018c   Section        0  irq.o(.text)
    .text                                    0x000001d8   Section        0  kbd.o(.text)
    .text                                    0x00000224   Section        0  adcuser.o(.text)
    i.__scatterload_copy                     0x000002e0   Section       14  handlers.o(i.__scatterload_copy)
    i.__scatterload_null                     0x000002ee   Section        2  handlers.o(i.__scatterload_null)
    .ARM.__at_0x02FC                         0x000002fc   Section        4  startup_lpc17xx.o(.ARM.__at_0x02FC)
    .text                                    0x00000300   Section        0  system_lpc17xx.o(.text)
    .text                                    0x000005c4   Section        0  glcd_spi_lpc1700.o(.text)
    delay                                    0x000005c5   Thumb Code    10  glcd_spi_lpc1700.o(.text)
    spi_tran_man                             0x000005cf   Thumb Code   116  glcd_spi_lpc1700.o(.text)
    rd_reg                                   0x00000643   Thumb Code    50  glcd_spi_lpc1700.o(.text)
    rd_id_man                                0x00000675   Thumb Code   104  glcd_spi_lpc1700.o(.text)
    spi_tran                                 0x00001039   Thumb Code    16  glcd_spi_lpc1700.o(.text)
    wr_cmd                                   0x00001049   Thumb Code    32  glcd_spi_lpc1700.o(.text)
    wr_dat                                   0x00001069   Thumb Code    52  glcd_spi_lpc1700.o(.text)
    wr_dat_start                             0x0000109d   Thumb Code    10  glcd_spi_lpc1700.o(.text)
    wr_dat_only                              0x000010a7   Thumb Code    18  glcd_spi_lpc1700.o(.text)
    wr_reg                                   0x000010b9   Thumb Code    16  glcd_spi_lpc1700.o(.text)
    .text                                    0x000010cc   Section        0  blinky.o(.text)
    .text                                    0x000017ac   Section        0  gamefallingobjects.o(.text)
    .text                                    0x00001c70   Section        0  gametictactoe.o(.text)
    .text                                    0x0000232c   Section        0  usbcore.o(.text)
    .text                                    0x000025c0   Section        0  usbdmain.o(.text)
    NVIC_EnableIRQ                           0x0000287b   Thumb Code    22  usbdmain.o(.text)
    .text                                    0x000028b8   Section        0  usbhw.o(.text)
    .text                                    0x00002f50   Section        0  usbuser.o(.text)
    .text                                    0x00002ffc   Section        0  uldiv.o(.text)
    .text                                    0x0000305e   Section        0  uidiv.o(.text)
    .text                                    0x0000308a   Section        0  llshl.o(.text)
    .text                                    0x000030a8   Section        0  llushr.o(.text)
    .text                                    0x000030c8   Section       36  init.o(.text)
    .text                                    0x000030ec   Section        0  __dczerorl2.o(.text)
    i.USB_ReqGetDescriptor                   0x00003144   Section        0  usbcore.o(i.USB_ReqGetDescriptor)
    i.USB_ReqGetStatus                       0x000031dc   Section        0  usbcore.o(i.USB_ReqGetStatus)
    i.USB_ReqSetClrFeature                   0x00003268   Section        0  usbcore.o(i.USB_ReqSetClrFeature)
    i.USB_ReqSetConfiguration                0x00003314   Section        0  usbcore.o(i.USB_ReqSetConfiguration)
    i.USB_ReqSetInterface                    0x00003478   Section        0  usbcore.o(i.USB_ReqSetInterface)
    i.__0snprintf$3                          0x00003588   Section        0  printf3.o(i.__0snprintf$3)
    i.__scatterload_zeroinit                 0x000035b8   Section       14  handlers.o(i.__scatterload_zeroinit)
    i._printf_core                           0x000035c8   Section        0  printf3.o(i._printf_core)
    _printf_core                             0x000035c9   Thumb Code   436  printf3.o(i._printf_core)
    i._snputc                                0x00003780   Section        0  printf3.o(i._snputc)
    _snputc                                  0x00003781   Thumb Code    22  printf3.o(i._snputc)
    .constdata                               0x00003796   Section     6272  glcd_spi_lpc1700.o(.constdata)
    .constdata                               0x00005018   Section       32  led.o(.constdata)
    .constdata                               0x00005038   Section       18  usbdesc.o(.constdata)
    .constdata                               0x0000504a   Section      110  usbdesc.o(.constdata)
    .constdata                               0x000050b8   Section      100  usbdesc.o(.constdata)
    .constdata                               0x0000511c   Section       16  usbhw.o(.constdata)
    .constdata                               0x0000512c   Section       64  usbuser.o(.constdata)
    .constdata                               0x0000516c   Section    49153  uzi.o(.constdata)
    .constdata                               0x0001116d   Section    49153  wayne.o(.constdata)
    .constdata                               0x0001d16e   Section    49153  ye.o(.constdata)
    .constdata                               0x0002916f   Section    49153  nas.o(.constdata)
    .constdata                               0x00035170   Section    49153  michael.o(.constdata)
    .constdata                               0x00041171   Section    49153  liquid_swords.o(.constdata)
    .constdata                               0x0004d172   Section    49153  drake_128x128.o(.constdata)
    .constdata                               0x00059173   Section    49153  audio.o(.constdata)
    .constdata                               0x00065174   Section    49153  em.o(.constdata)
    .data                                    0x10000000   Section        8  system_lpc17xx.o(.data)
    .data                                    0x10000008   Section        6  glcd_spi_lpc1700.o(.data)
    Himax                                    0x10000008   Data           1  glcd_spi_lpc1700.o(.data)
    Color                                    0x1000000a   Data           4  glcd_spi_lpc1700.o(.data)
    .data                                    0x10000010   Section       12  irq.o(.data)
    .data                                    0x1000001c   Section       64  blinky.o(.data)
    .data                                    0x1000005c   Section       64  gamefallingobjects.o(.data)
    .data                                    0x1000009c   Section       84  gametictactoe.o(.data)
    .data                                    0x100000f0   Section        2  adcuser.o(.data)
    .data                                    0x100000f4   Section       40  usbcore.o(.data)
    .data                                    0x1000011c   Section        4  usbdmain.o(.data)
    .data                                    0x10000120   Section       32  usbdmain.o(.data)
    .data                                    0x10000140   Section        8  usbhw.o(.data)
    .bss                                     0x10000148   Section      100  gamefallingobjects.o(.bss)
    .bss                                     0x100001ac   Section       36  gametictactoe.o(.bss)
    .bss                                     0x100001d0   Section       64  usbcore.o(.bss)
    .bss                                     0x10000210   Section      128  usbhw.o(.bss)
    STACK                                    0x10000290   Section      512  startup_lpc17xx.o(STACK)
    USB_RAM                                  0x20080000   Section      128  usbhw.o(USB_RAM)

    Global Symbols

    Symbol Name                              Value     Ov Type        Size  Object(Section)

    BuildAttributes$$THM_ISAv4$P$D$K$B$S$PE$A:L22UL41UL21$X:L11$S22US41US21$IEEE1$IW$USESV6$~STKCKD$USESV7$~SHL$OSPACE$ROPI$EBA8$MICROLIB$REQ8$PRES8$EABIv2 0x00000000   Number         0  anon$$obj.o ABSOLUTE
    __ARM_use_no_argv                        0x00000000   Number         0  blinky.o ABSOLUTE
    __Vectors                                0x00000000   Data           4  startup_lpc17xx.o(RESET)
    _printf_a                                0x00000000   Number         0  stubs.o ABSOLUTE
    _printf_c                                0x00000000   Number         0  stubs.o ABSOLUTE
    _printf_charcount                        0x00000000   Number         0  stubs.o ABSOLUTE
    _printf_d                                0x00000000   Number         0  stubs.o ABSOLUTE
    _printf_e                                0x00000000   Number         0  stubs.o ABSOLUTE
    _printf_f                                0x00000000   Number         0  stubs.o ABSOLUTE
    _printf_flags                            0x00000000   Number         0  stubs.o ABSOLUTE
    _printf_fp_dec                           0x00000000   Number         0  stubs.o ABSOLUTE
    _printf_fp_hex                           0x00000000   Number         0  stubs.o ABSOLUTE
    _printf_g                                0x00000000   Number         0  stubs.o ABSOLUTE
    _printf_i                                0x00000000   Number         0  stubs.o ABSOLUTE
    _printf_int_dec                          0x00000000   Number         0  stubs.o ABSOLUTE
    _printf_l                                0x00000000   Number         0  stubs.o ABSOLUTE
    _printf_lc                               0x00000000   Number         0  stubs.o ABSOLUTE
    _printf_ll                               0x00000000   Number         0  stubs.o ABSOLUTE
    _printf_lld                              0x00000000   Number         0  stubs.o ABSOLUTE
    _printf_lli                              0x00000000   Number         0  stubs.o ABSOLUTE
    _printf_llo                              0x00000000   Number         0  stubs.o ABSOLUTE
    _printf_llu                              0x00000000   Number         0  stubs.o ABSOLUTE
    _printf_llx                              0x00000000   Number         0  stubs.o ABSOLUTE
    _printf_longlong_dec                     0x00000000   Number         0  stubs.o ABSOLUTE
    _printf_longlong_hex                     0x00000000   Number         0  stubs.o ABSOLUTE
    _printf_longlong_oct                     0x00000000   Number         0  stubs.o ABSOLUTE
    _printf_ls                               0x00000000   Number         0  stubs.o ABSOLUTE
    _printf_mbtowc                           0x00000000   Number         0  stubs.o ABSOLUTE
    _printf_n                                0x00000000   Number         0  stubs.o ABSOLUTE
    _printf_o                                0x00000000   Number         0  stubs.o ABSOLUTE
    _printf_p                                0x00000000   Number         0  stubs.o ABSOLUTE
    _printf_percent                          0x00000000   Number         0  stubs.o ABSOLUTE
    _printf_pre_padding                      0x00000000   Number         0  stubs.o ABSOLUTE
    _printf_return_value                     0x00000000   Number         0  stubs.o ABSOLUTE
    _printf_s                                0x00000000   Number         0  stubs.o ABSOLUTE
    _printf_sizespec                         0x00000000   Number         0  stubs.o ABSOLUTE
    _printf_str                              0x00000000   Number         0  stubs.o ABSOLUTE
    _printf_truncate_signed                  0x00000000   Number         0  stubs.o ABSOLUTE
    _printf_truncate_unsigned                0x00000000   Number         0  stubs.o ABSOLUTE
    _printf_u                                0x00000000   Number         0  stubs.o ABSOLUTE
    _printf_wc                               0x00000000   Number         0  stubs.o ABSOLUTE
    _printf_wctomb                           0x00000000   Number         0  stubs.o ABSOLUTE
    _printf_widthprec                        0x00000000   Number         0  stubs.o ABSOLUTE
    _printf_x                                0x00000000   Number         0  stubs.o ABSOLUTE
    __cpp_initialize__aeabi_                  - Undefined Weak Reference
    __cxa_finalize                            - Undefined Weak Reference
    _clock_init                               - Undefined Weak Reference
    _microlib_exit                            - Undefined Weak Reference
    __main                                   0x000000cd   Thumb Code     0  entry.o(.ARM.Collect$$$$00000000)
    _main_stk                                0x000000cd   Thumb Code     0  entry2.o(.ARM.Collect$$$$00000001)
    _main_scatterload                        0x000000d1   Thumb Code     0  entry5.o(.ARM.Collect$$$$00000004)
    __main_after_scatterload                 0x000000d5   Thumb Code     0  entry5.o(.ARM.Collect$$$$00000004)
    _main_clock                              0x000000d5   Thumb Code     0  entry7b.o(.ARM.Collect$$$$00000008)
    _main_cpp_init                           0x000000d5   Thumb Code     0  entry8b.o(.ARM.Collect$$$$0000000A)
    _main_init                               0x000000d5   Thumb Code     0  entry9a.o(.ARM.Collect$$$$0000000B)
    __rt_final_cpp                           0x000000dd   Thumb Code     0  entry10a.o(.ARM.Collect$$$$0000000D)
    __rt_final_exit                          0x000000dd   Thumb Code     0  entry11a.o(.ARM.Collect$$$$0000000F)
    Reset_Handler                            0x000000e1   Thumb Code     8  startup_lpc17xx.o(.text)
    NMI_Handler                              0x000000e9   Thumb Code     2  startup_lpc17xx.o(.text)
    HardFault_Handler                        0x000000eb   Thumb Code     2  startup_lpc17xx.o(.text)
    MemManage_Handler                        0x000000ed   Thumb Code     2  startup_lpc17xx.o(.text)
    BusFault_Handler                         0x000000ef   Thumb Code     2  startup_lpc17xx.o(.text)
    UsageFault_Handler                       0x000000f1   Thumb Code     2  startup_lpc17xx.o(.text)
    SVC_Handler                              0x000000f3   Thumb Code     2  startup_lpc17xx.o(.text)
    DebugMon_Handler                         0x000000f5   Thumb Code     2  startup_lpc17xx.o(.text)
    PendSV_Handler                           0x000000f7   Thumb Code     2  startup_lpc17xx.o(.text)
    ADC_IRQHandler                           0x000000fb   Thumb Code     0  startup_lpc17xx.o(.text)
    BOD_IRQHandler                           0x000000fb   Thumb Code     0  startup_lpc17xx.o(.text)
    CANActivity_IRQHandler                   0x000000fb   Thumb Code     0  startup_lpc17xx.o(.text)
    CAN_IRQHandler                           0x000000fb   Thumb Code     0  startup_lpc17xx.o(.text)
    DMA_IRQHandler                           0x000000fb   Thumb Code     0  startup_lpc17xx.o(.text)
    EINT0_IRQHandler                         0x000000fb   Thumb Code     0  startup_lpc17xx.o(.text)
    EINT1_IRQHandler                         0x000000fb   Thumb Code     0  startup_lpc17xx.o(.text)
    EINT2_IRQHandler                         0x000000fb   Thumb Code     0  startup_lpc17xx.o(.text)
    EINT3_IRQHandler                         0x000000fb   Thumb Code     0  startup_lpc17xx.o(.text)
    ENET_IRQHandler                          0x000000fb   Thumb Code     0  startup_lpc17xx.o(.text)
    I2C0_IRQHandler                          0x000000fb   Thumb Code     0  startup_lpc17xx.o(.text)
    I2C1_IRQHandler                          0x000000fb   Thumb Code     0  startup_lpc17xx.o(.text)
    I2C2_IRQHandler                          0x000000fb   Thumb Code     0  startup_lpc17xx.o(.text)
    I2S_IRQHandler                           0x000000fb   Thumb Code     0  startup_lpc17xx.o(.text)
    MCPWM_IRQHandler                         0x000000fb   Thumb Code     0  startup_lpc17xx.o(.text)
    PLL0_IRQHandler                          0x000000fb   Thumb Code     0  startup_lpc17xx.o(.text)
    PLL1_IRQHandler                          0x000000fb   Thumb Code     0  startup_lpc17xx.o(.text)
    PWM1_IRQHandler                          0x000000fb   Thumb Code     0  startup_lpc17xx.o(.text)
    QEI_IRQHandler                           0x000000fb   Thumb Code     0  startup_lpc17xx.o(.text)
    RIT_IRQHandler                           0x000000fb   Thumb Code     0  startup_lpc17xx.o(.text)
    RTC_IRQHandler                           0x000000fb   Thumb Code     0  startup_lpc17xx.o(.text)
    SPI_IRQHandler                           0x000000fb   Thumb Code     0  startup_lpc17xx.o(.text)
    SSP0_IRQHandler                          0x000000fb   Thumb Code     0  startup_lpc17xx.o(.text)
    SSP1_IRQHandler                          0x000000fb   Thumb Code     0  startup_lpc17xx.o(.text)
    TIMER1_IRQHandler                        0x000000fb   Thumb Code     0  startup_lpc17xx.o(.text)
    TIMER2_IRQHandler                        0x000000fb   Thumb Code     0  startup_lpc17xx.o(.text)
    TIMER3_IRQHandler                        0x000000fb   Thumb Code     0  startup_lpc17xx.o(.text)
    UART0_IRQHandler                         0x000000fb   Thumb Code     0  startup_lpc17xx.o(.text)
    UART1_IRQHandler                         0x000000fb   Thumb Code     0  startup_lpc17xx.o(.text)
    UART2_IRQHandler                         0x000000fb   Thumb Code     0  startup_lpc17xx.o(.text)
    UART3_IRQHandler                         0x000000fb   Thumb Code     0  startup_lpc17xx.o(.text)
    USBActivity_IRQHandler                   0x000000fb   Thumb Code     0  startup_lpc17xx.o(.text)
    WDT_IRQHandler                           0x000000fb   Thumb Code     0  startup_lpc17xx.o(.text)
    LED_Init                                 0x00000105   Thumb Code    30  led.o(.text)
    LED_On                                   0x00000123   Thumb Code    28  led.o(.text)
    LED_Off                                  0x0000013f   Thumb Code    28  led.o(.text)
    LED_Out                                  0x0000015b   Thumb Code    38  led.o(.text)
    SysTick_Handler                          0x0000018d   Thumb Code    72  irq.o(.text)
    KBD_Init                                 0x000001d9   Thumb Code    32  kbd.o(.text)
    KBD_get                                  0x000001f9   Thumb Code    12  kbd.o(.text)
    get_button                               0x00000205   Thumb Code    14  kbd.o(.text)
    ADC_IF_GetRequest                        0x00000225   Thumb Code   100  adcuser.o(.text)
    ADC_IF_SetRequest                        0x00000289   Thumb Code    62  adcuser.o(.text)
    ADC_EP_GetRequest                        0x000002c7   Thumb Code     4  adcuser.o(.text)
    ADC_EP_SetRequest                        0x000002cb   Thumb Code     4  adcuser.o(.text)
    __scatterload_copy                       0x000002e1   Thumb Code    14  handlers.o(i.__scatterload_copy)
    __scatterload_null                       0x000002ef   Thumb Code     2  handlers.o(i.__scatterload_null)
    SystemCoreClockUpdate                    0x00000301   Thumb Code   262  system_lpc17xx.o(.text)
    SystemInit                               0x00000407   Thumb Code   172  system_lpc17xx.o(.text)
    SystemClockUpdate                        0x000004b3   Thumb Code   240  system_lpc17xx.o(.text)
    GLCD_Init                                0x000006dd   Thumb Code  1462  glcd_spi_lpc1700.o(.text)
    GLCD_SetWindow                           0x00000c93   Thumb Code   156  glcd_spi_lpc1700.o(.text)
    GLCD_WindowMax                           0x00000d2f   Thumb Code    12  glcd_spi_lpc1700.o(.text)
    GLCD_PutPixel                            0x00000d3b   Thumb Code   124  glcd_spi_lpc1700.o(.text)
    GLCD_SetTextColor                        0x00000db7   Thumb Code     8  glcd_spi_lpc1700.o(.text)
    GLCD_SetBackColor                        0x00000dbf   Thumb Code     8  glcd_spi_lpc1700.o(.text)
    GLCD_Clear                               0x00000dc7   Thumb Code    44  glcd_spi_lpc1700.o(.text)
    GLCD_DrawChar                            0x00000df3   Thumb Code   146  glcd_spi_lpc1700.o(.text)
    GLCD_DisplayChar                         0x00000e85   Thumb Code    74  glcd_spi_lpc1700.o(.text)
    GLCD_DisplayString                       0x00000ecf   Thumb Code    36  glcd_spi_lpc1700.o(.text)
    GLCD_Bitmap                              0x00000ef3   Thumb Code    68  glcd_spi_lpc1700.o(.text)
    GLCD_BitmapFull                          0x00000f37   Thumb Code   110  glcd_spi_lpc1700.o(.text)
    GLCD_BitmapZoom                          0x00000fa5   Thumb Code   140  glcd_spi_lpc1700.o(.text)
    GLCD_WrCmd                               0x00001031   Thumb Code     4  glcd_spi_lpc1700.o(.text)
    GLCD_WrReg                               0x00001035   Thumb Code     4  glcd_spi_lpc1700.o(.text)
    DefaultText                              0x000010cd   Thumb Code    78  blinky.o(.text)
    LEDsOff                                  0x0000111b   Thumb Code    26  blinky.o(.text)
    updateMainMenuText                       0x00001135   Thumb Code   250  blinky.o(.text)
    updateMainMenuLED                        0x0000122f   Thumb Code    84  blinky.o(.text)
    updateMainMenuSelector                   0x00001283   Thumb Code   114  blinky.o(.text)
    AudioMenu                                0x000012f5   Thumb Code    64  blinky.o(.text)
    PhotosMenu                               0x00001335   Thumb Code   170  blinky.o(.text)
    updateGameMenuText                       0x000013df   Thumb Code   124  blinky.o(.text)
    updateGameMenuLED                        0x0000145b   Thumb Code    46  blinky.o(.text)
    GamesMenu                                0x00001489   Thumb Code   528  blinky.o(.text)
    main                                     0x00001699   Thumb Code   128  blinky.o(.text)
    int_rand_seed                            0x000017ad   Thumb Code    26  gamefallingobjects.o(.text)
    myRandomX                                0x000017c7   Thumb Code    22  gamefallingobjects.o(.text)
    resetValues                              0x000017dd   Thumb Code    36  gamefallingobjects.o(.text)
    drawPlayerBox                            0x00001801   Thumb Code    44  gamefallingobjects.o(.text)
    ToggleLED_2                              0x0000182d   Thumb Code    58  gamefallingobjects.o(.text)
    flashLEDs                                0x00001867   Thumb Code    32  gamefallingobjects.o(.text)
    delay                                    0x00001887   Thumb Code   116  gamefallingobjects.o(.text)
    createDefaultGameText                    0x000018fb   Thumb Code    64  gamefallingobjects.o(.text)
    gameLogic                                0x0000193b   Thumb Code   422  gamefallingobjects.o(.text)
    gameFallingObjects                       0x00001ae1   Thumb Code    20  gamefallingobjects.o(.text)
    createNewBoard                           0x00001c71   Thumb Code   186  gametictactoe.o(.text)
    updatePos                                0x00001d2b   Thumb Code   112  gametictactoe.o(.text)
    updateLCD                                0x00001d9b   Thumb Code    68  gametictactoe.o(.text)
    ToggleLED_1                              0x00001ddf   Thumb Code    58  gametictactoe.o(.text)
    checkWinConditions                       0x00001e19   Thumb Code  1006  gametictactoe.o(.text)
    gameTicTacToe                            0x00002207   Thumb Code   242  gametictactoe.o(.text)
    USB_ResetCore                            0x0000232d   Thumb Code    22  usbcore.o(.text)
    USB_SetupStage                           0x00002343   Thumb Code    10  usbcore.o(.text)
    USB_DataInStage                          0x0000234d   Thumb Code    36  usbcore.o(.text)
    USB_DataOutStage                         0x00002371   Thumb Code    28  usbcore.o(.text)
    USB_StatusInStage                        0x0000238d   Thumb Code    10  usbcore.o(.text)
    USB_StatusOutStage                       0x00002397   Thumb Code     8  usbcore.o(.text)
    USB_EndPoint0                            0x0000239f   Thumb Code   538  usbcore.o(.text)
    LEDOFF                                   0x000025c1   Thumb Code    26  usbdmain.o(.text)
    get_potval                               0x000025db   Thumb Code   316  usbdmain.o(.text)
    TIMER0_IRQHandler                        0x00002717   Thumb Code   192  usbdmain.o(.text)
    audio_main                               0x000027d7   Thumb Code   164  usbdmain.o(.text)
    EPAdr                                    0x000028b9   Thumb Code    14  usbhw.o(.text)
    WrCmd                                    0x000028c7   Thumb Code    22  usbhw.o(.text)
    WrCmdDat                                 0x000028dd   Thumb Code    38  usbhw.o(.text)
    WrCmdEP                                  0x00002903   Thumb Code    54  usbhw.o(.text)
    RdCmdDat                                 0x00002939   Thumb Code    26  usbhw.o(.text)
    USB_SetAddress                           0x00002953   Thumb Code    34  usbhw.o(.text)
    USB_Reset                                0x00002975   Thumb Code   106  usbhw.o(.text)
    USB_Init                                 0x000029df   Thumb Code    98  usbhw.o(.text)
    USB_Connect                              0x00002a41   Thumb Code    22  usbhw.o(.text)
    USB_Suspend                              0x00002a57   Thumb Code     2  usbhw.o(.text)
    USB_Resume                               0x00002a59   Thumb Code     2  usbhw.o(.text)
    USB_WakeUp                               0x00002a5b   Thumb Code    16  usbhw.o(.text)
    USB_WakeUpCfg                            0x00002a6b   Thumb Code     2  usbhw.o(.text)
    USB_Configure                            0x00002a6d   Thumb Code    48  usbhw.o(.text)
    USB_ConfigEP                             0x00002a9d   Thumb Code    52  usbhw.o(.text)
    USB_DirCtrlEP                            0x00002ad1   Thumb Code     2  usbhw.o(.text)
    USB_EnableEP                             0x00002ad3   Thumb Code    20  usbhw.o(.text)
    USB_DisableEP                            0x00002ae7   Thumb Code    20  usbhw.o(.text)
    USB_ResetEP                              0x00002afb   Thumb Code    20  usbhw.o(.text)
    USB_SetStallEP                           0x00002b0f   Thumb Code    20  usbhw.o(.text)
    USB_ClrStallEP                           0x00002b23   Thumb Code    20  usbhw.o(.text)
    USB_ClearEPBuf                           0x00002b37   Thumb Code     4  usbhw.o(.text)
    USB_ReadEP                               0x00002b3b   Thumb Code    82  usbhw.o(.text)
    USB_WriteEP                              0x00002b8d   Thumb Code    62  usbhw.o(.text)
    USB_DMA_Setup                            0x00002bcb   Thumb Code   310  usbhw.o(.text)
    USB_DMA_Enable                           0x00002d01   Thumb Code    16  usbhw.o(.text)
    USB_DMA_Disable                          0x00002d11   Thumb Code    18  usbhw.o(.text)
    USB_DMA_Status                           0x00002d23   Thumb Code    72  usbhw.o(.text)
    USB_DMA_BufAdr                           0x00002d6b   Thumb Code    24  usbhw.o(.text)
    USB_DMA_BufCnt                           0x00002d83   Thumb Code    26  usbhw.o(.text)
    USB_GetFrame                             0x00002d9d   Thumb Code    30  usbhw.o(.text)
    USB_IRQHandler                           0x00002dbb   Thumb Code   374  usbhw.o(.text)
    USB_Reset_Event                          0x00002f51   Thumb Code     4  usbuser.o(.text)
    USB_SOF_Event                            0x00002f55   Thumb Code     2  usbuser.o(.text)
    USB_EndPoint1                            0x00002f57   Thumb Code     2  usbuser.o(.text)
    USB_EndPoint2                            0x00002f59   Thumb Code     2  usbuser.o(.text)
    USB_EndPoint3                            0x00002f5b   Thumb Code   118  usbuser.o(.text)
    USB_EndPoint4                            0x00002fd1   Thumb Code     2  usbuser.o(.text)
    USB_EndPoint5                            0x00002fd3   Thumb Code     2  usbuser.o(.text)
    USB_EndPoint6                            0x00002fd5   Thumb Code     2  usbuser.o(.text)
    USB_EndPoint7                            0x00002fd7   Thumb Code     2  usbuser.o(.text)
    USB_EndPoint8                            0x00002fd9   Thumb Code     2  usbuser.o(.text)
    USB_EndPoint9                            0x00002fdb   Thumb Code     2  usbuser.o(.text)
    USB_EndPoint10                           0x00002fdd   Thumb Code     2  usbuser.o(.text)
    USB_EndPoint11                           0x00002fdf   Thumb Code     2  usbuser.o(.text)
    USB_EndPoint12                           0x00002fe1   Thumb Code     2  usbuser.o(.text)
    USB_EndPoint13                           0x00002fe3   Thumb Code     2  usbuser.o(.text)
    USB_EndPoint14                           0x00002fe5   Thumb Code     2  usbuser.o(.text)
    USB_EndPoint15                           0x00002fe7   Thumb Code     2  usbuser.o(.text)
    __aeabi_uldivmod                         0x00002ffd   Thumb Code    98  uldiv.o(.text)
    __aeabi_uidiv                            0x0000305f   Thumb Code     0  uidiv.o(.text)
    __aeabi_uidivmod                         0x0000305f   Thumb Code    44  uidiv.o(.text)
    __aeabi_llsl                             0x0000308b   Thumb Code    30  llshl.o(.text)
    _ll_shift_l                              0x0000308b   Thumb Code     0  llshl.o(.text)
    __aeabi_llsr                             0x000030a9   Thumb Code    32  llushr.o(.text)
    _ll_ushift_r                             0x000030a9   Thumb Code     0  llushr.o(.text)
    __scatterload                            0x000030c9   Thumb Code    28  init.o(.text)
    __scatterload_rt2                        0x000030c9   Thumb Code     0  init.o(.text)
    __decompress                             0x000030ed   Thumb Code     0  __dczerorl2.o(.text)
    __decompress1                            0x000030ed   Thumb Code    86  __dczerorl2.o(.text)
    USB_ReqGetDescriptor                     0x00003145   Thumb Code   136  usbcore.o(i.USB_ReqGetDescriptor)
    USB_ReqGetStatus                         0x000031dd   Thumb Code   130  usbcore.o(i.USB_ReqGetStatus)
    USB_ReqSetClrFeature                     0x00003269   Thumb Code   168  usbcore.o(i.USB_ReqSetClrFeature)
    USB_ReqSetConfiguration                  0x00003315   Thumb Code   348  usbcore.o(i.USB_ReqSetConfiguration)
    USB_ReqSetInterface                      0x00003479   Thumb Code   264  usbcore.o(i.USB_ReqSetInterface)
    __0snprintf$3                            0x00003589   Thumb Code    44  printf3.o(i.__0snprintf$3)
    __1snprintf$3                            0x00003589   Thumb Code     0  printf3.o(i.__0snprintf$3)
    __2snprintf                              0x00003589   Thumb Code     0  printf3.o(i.__0snprintf$3)
    __scatterload_zeroinit                   0x000035b9   Thumb Code    14  handlers.o(i.__scatterload_zeroinit)
    Font_6x8_h                               0x00003796   Data         896  glcd_spi_lpc1700.o(.constdata)
    Font_16x24_h                             0x00003b16   Data        5376  glcd_spi_lpc1700.o(.constdata)
    led_mask                                 0x00005018   Data          32  led.o(.constdata)
    USB_DeviceDescriptor                     0x00005038   Data          18  usbdesc.o(.constdata)
    USB_ConfigDescriptor                     0x0000504a   Data         110  usbdesc.o(.constdata)
    USB_StringDescriptor                     0x000050b8   Data         100  usbdesc.o(.constdata)
    DDAdr                                    0x0000511c   Data           8  usbhw.o(.constdata)
    DDSz                                     0x00005124   Data           8  usbhw.o(.constdata)
    USB_P_EP                                 0x0000512c   Data          64  usbuser.o(.constdata)
    UZI_pixel_data                           0x0000516c   Data       49153  uzi.o(.constdata)
    WAYNE_pixel_data                         0x0001116d   Data       49153  wayne.o(.constdata)
    YE_pixel_data                            0x0001d16e   Data       49153  ye.o(.constdata)
    NAS_pixel_data                           0x0002916f   Data       49153  nas.o(.constdata)
    MICHAEL_pixel_data                       0x00035170   Data       49153  michael.o(.constdata)
    LIQUID_pixel_data                        0x00041171   Data       49153  liquid_swords.o(.constdata)
    DRAKE_pixel_data                         0x0004d172   Data       49153  drake_128x128.o(.constdata)
    AUDIO_pixel_data                         0x00059173   Data       49153  audio.o(.constdata)
    EM_pixel_data                            0x00065174   Data       49153  em.o(.constdata)
    Region$$Table$$Base                      0x00071178   Number         0  anon$$obj.o(Region$$Table)
    Region$$Table$$Limit                     0x000711a8   Number         0  anon$$obj.o(Region$$Table)
    SystemCoreClock                          0x10000000   Data           4  system_lpc17xx.o(.data)
    SystemFrequency                          0x10000004   Data           4  system_lpc17xx.o(.data)
    ClockLEDOn                               0x10000010   Data           1  irq.o(.data)
    ClockLEDOff                              0x10000011   Data           1  irq.o(.data)
    ClockANI                                 0x10000012   Data           1  irq.o(.data)
    ticks                                    0x10000014   Data           4  irq.o(.data)
    counter                                  0x10000018   Data           4  irq.o(.data)
    currentMode                              0x1000001c   Data           1  blinky.o(.data)
    i                                        0x10000020   Data           4  blinky.o(.data)
    selectedPixelData                        0x10000024   Data           4  blinky.o(.data)
    mainMenuSelector                         0x10000028   Data           4  blinky.o(.data)
    photoSelection                           0x1000002c   Data           4  blinky.o(.data)
    numberOfPhotos                           0x10000030   Data           4  blinky.o(.data)
    gameSelection                            0x10000034   Data           4  blinky.o(.data)
    pixelDataArray                           0x10000038   Data          36  blinky.o(.data)
    LEDON_2                                  0x1000005c   Data           4  gamefallingobjects.o(.data)
    currentGLCDPositionLEFT                  0x10000060   Data           4  gamefallingobjects.o(.data)
    currentGLCDPositionRIGHT                 0x10000064   Data           4  gamefallingobjects.o(.data)
    borderLEFT                               0x10000068   Data           4  gamefallingobjects.o(.data)
    borderRIGHT                              0x1000006c   Data           4  gamefallingobjects.o(.data)
    boxGLCDPositionY                         0x10000070   Data           4  gamefallingobjects.o(.data)
    c                                        0x10000074   Data           4  gamefallingobjects.o(.data)
    a                                        0x10000078   Data           4  gamefallingobjects.o(.data)
    b                                        0x1000007c   Data           4  gamefallingobjects.o(.data)
    score                                    0x10000080   Data           4  gamefallingobjects.o(.data)
    selection                                0x10000084   Data           4  gamefallingobjects.o(.data)
    gameRunning                              0x10000088   Data           4  gamefallingobjects.o(.data)
    ballHeight                               0x1000008c   Data           4  gamefallingobjects.o(.data)
    speed                                    0x10000090   Data           4  gamefallingobjects.o(.data)
    randomX                                  0x10000094   Data           4  gamefallingobjects.o(.data)
    seed                                     0x10000098   Data           4  gamefallingobjects.o(.data)
    q                                        0x1000009c   Data           4  gametictactoe.o(.data)
    winner                                   0x100000a0   Data           4  gametictactoe.o(.data)
    LEDON_1                                  0x100000a4   Data           4  gametictactoe.o(.data)
    positions                                0x100000a8   Data          72  gametictactoe.o(.data)
    VolCur                                   0x100000f0   Data           2  adcuser.o(.data)
    USB_DeviceAddress                        0x100000f4   Data           1  usbcore.o(.data)
    USB_Configuration                        0x100000f5   Data           1  usbcore.o(.data)
    USB_NumInterfaces                        0x100000f6   Data           1  usbcore.o(.data)
    USB_DeviceStatus                         0x100000f8   Data           2  usbcore.o(.data)
    USB_EndPointMask                         0x100000fc   Data           4  usbcore.o(.data)
    USB_EndPointHalt                         0x10000100   Data           4  usbcore.o(.data)
    USB_EndPointStall                        0x10000104   Data           4  usbcore.o(.data)
    USB_AltSetting                           0x10000108   Data           4  usbcore.o(.data)
    EP0Data                                  0x1000010c   Data           8  usbcore.o(.data)
    SetupPacket                              0x10000114   Data           8  usbcore.o(.data)
    InfoBuf                                  0x1000011c   Data           4  usbdmain.o(.data)
    Mute                                     0x10000120   Data           1  usbdmain.o(.data)
    DataRun                                  0x10000121   Data           1  usbdmain.o(.data)
    DataOut                                  0x10000122   Data           2  usbdmain.o(.data)
    DataIn                                   0x10000124   Data           2  usbdmain.o(.data)
    PotVal                                   0x10000126   Data           2  usbdmain.o(.data)
    DataBuf                                  0x10000128   Data           4  usbdmain.o(.data)
    l                                        0x1000012c   Data           4  usbdmain.o(.data)
    Volume                                   0x10000130   Data           4  usbdmain.o(.data)
    rep                                      0x10000134   Data           4  usbdmain.o(.data)
    VUM                                      0x10000138   Data           4  usbdmain.o(.data)
    Tick                                     0x1000013c   Data           4  usbdmain.o(.data)
    DDMemMap                                 0x10000140   Data           8  usbhw.o(.data)
    displayBuffer                            0x10000148   Data          50  gamefallingobjects.o(.bss)
    displayBuffer2                           0x1000017a   Data          50  gamefallingobjects.o(.bss)
    array                                    0x100001ac   Data          36  gametictactoe.o(.bss)
    EP0Buf                                   0x100001d0   Data          64  usbcore.o(.bss)
    udca                                     0x10000210   Data         128  usbhw.o(.bss)
    __initial_sp                             0x10000490   Data           0  startup_lpc17xx.o(STACK)
    UDCA                                     0x20080000   Data         128  usbhw.o(USB_RAM)



==============================================================================

Memory Map of the image

  Image Entry point : 0x000000cd

  Load Region LR_IROM1 (Base: 0x00000000, Size: 0x000712f0, Max: 0x00080000, ABSOLUTE, COMPRESSED[0x00071218])

    Execution Region ER_IROM1 (Exec base: 0x00000000, Load base: 0x00000000, Size: 0x000711a8, Max: 0xffffffff, ABSOLUTE)

    Exec Addr    Load Addr    Size         Type   Attr      Idx    E Section Name        Object

    0x00000000   0x00000000   0x000000cc   Data   RO            3    RESET               startup_lpc17xx.o
    0x000000cc   0x000000cc   0x00000000   Code   RO          600  * .ARM.Collect$$$$00000000  mc_w.l(entry.o)
    0x000000cc   0x000000cc   0x00000004   Code   RO          866    .ARM.Collect$$$$00000001  mc_w.l(entry2.o)
    0x000000d0   0x000000d0   0x00000004   Code   RO          869    .ARM.Collect$$$$00000004  mc_w.l(entry5.o)
    0x000000d4   0x000000d4   0x00000000   Code   RO          871    .ARM.Collect$$$$00000008  mc_w.l(entry7b.o)
    0x000000d4   0x000000d4   0x00000000   Code   RO          873    .ARM.Collect$$$$0000000A  mc_w.l(entry8b.o)
    0x000000d4   0x000000d4   0x00000008   Code   RO          874    .ARM.Collect$$$$0000000B  mc_w.l(entry9a.o)
    0x000000dc   0x000000dc   0x00000000   Code   RO          876    .ARM.Collect$$$$0000000D  mc_w.l(entry10a.o)
    0x000000dc   0x000000dc   0x00000000   Code   RO          878    .ARM.Collect$$$$0000000F  mc_w.l(entry11a.o)
    0x000000dc   0x000000dc   0x00000004   Code   RO          867    .ARM.Collect$$$$00002712  mc_w.l(entry2.o)
    0x000000e0   0x000000e0   0x00000024   Code   RO            5    .text               startup_lpc17xx.o
    0x00000104   0x00000104   0x00000088   Code   RO           76    .text               led.o
    0x0000018c   0x0000018c   0x0000004c   Code   RO           94    .text               irq.o
    0x000001d8   0x000001d8   0x0000004c   Code   RO          154    .text               kbd.o
    0x00000224   0x00000224   0x000000bc   Code   RO          236    .text               adcuser.o
    0x000002e0   0x000002e0   0x0000000e   Code   RO          909    i.__scatterload_copy  mc_w.l(handlers.o)
    0x000002ee   0x000002ee   0x00000002   Code   RO          910    i.__scatterload_null  mc_w.l(handlers.o)
    0x000002f0   0x000002f0   0x0000000c   PAD
    0x000002fc   0x000002fc   0x00000004   Code   RO            4    .ARM.__at_0x02FC    startup_lpc17xx.o
    0x00000300   0x00000300   0x000002c4   Code   RO           13    .text               system_lpc17xx.o
    0x000005c4   0x000005c4   0x00000b08   Code   RO           41    .text               glcd_spi_lpc1700.o
    0x000010cc   0x000010cc   0x000006e0   Code   RO          106    .text               blinky.o
    0x000017ac   0x000017ac   0x000004c4   Code   RO          178    .text               gamefallingobjects.o
    0x00001c70   0x00001c70   0x000006bc   Code   RO          214    .text               gametictactoe.o
    0x0000232c   0x0000232c   0x00000294   Code   RO          297    .text               usbcore.o
    0x000025c0   0x000025c0   0x000002f8   Code   RO          421    .text               usbdmain.o
    0x000028b8   0x000028b8   0x00000698   Code   RO          464    .text               usbhw.o
    0x00002f50   0x00002f50   0x000000ac   Code   RO          497    .text               usbuser.o
    0x00002ffc   0x00002ffc   0x00000062   Code   RO          603    .text               mc_w.l(uldiv.o)
    0x0000305e   0x0000305e   0x0000002c   Code   RO          882    .text               mc_w.l(uidiv.o)
    0x0000308a   0x0000308a   0x0000001e   Code   RO          884    .text               mc_w.l(llshl.o)
    0x000030a8   0x000030a8   0x00000020   Code   RO          886    .text               mc_w.l(llushr.o)
    0x000030c8   0x000030c8   0x00000024   Code   RO          899    .text               mc_w.l(init.o)
    0x000030ec   0x000030ec   0x00000056   Code   RO          915    .text               mc_w.l(__dczerorl2.o)
    0x00003142   0x00003142   0x00000002   PAD
    0x00003144   0x00003144   0x00000098   Code   RO          333    i.USB_ReqGetDescriptor  usbcore.o
    0x000031dc   0x000031dc   0x0000008c   Code   RO          328    i.USB_ReqGetStatus  usbcore.o
    0x00003268   0x00003268   0x000000ac   Code   RO          310    i.USB_ReqSetClrFeature  usbcore.o
    0x00003314   0x00003314   0x00000164   Code   RO          316    i.USB_ReqSetConfiguration  usbcore.o
    0x00003478   0x00003478   0x00000110   Code   RO          322    i.USB_ReqSetInterface  usbcore.o
    0x00003588   0x00003588   0x00000030   Code   RO          695    i.__0snprintf$3     mc_w.l(printf3.o)
    0x000035b8   0x000035b8   0x0000000e   Code   RO          911    i.__scatterload_zeroinit  mc_w.l(handlers.o)
    0x000035c6   0x000035c6   0x00000002   PAD
    0x000035c8   0x000035c8   0x000001b8   Code   RO          701    i._printf_core      mc_w.l(printf3.o)
    0x00003780   0x00003780   0x00000016   Code   RO          702    i._snputc           mc_w.l(printf3.o)
    0x00003796   0x00003796   0x00001880   Data   RO           42    .constdata          glcd_spi_lpc1700.o
    0x00005016   0x00005016   0x00000002   PAD
    0x00005018   0x00005018   0x00000020   Data   RO           77    .constdata          led.o
    0x00005038   0x00005038   0x00000012   Data   RO          395    .constdata          usbdesc.o
    0x0000504a   0x0000504a   0x0000006e   Data   RO          396    .constdata          usbdesc.o
    0x000050b8   0x000050b8   0x00000064   Data   RO          397    .constdata          usbdesc.o
    0x0000511c   0x0000511c   0x00000010   Data   RO          466    .constdata          usbhw.o
    0x0000512c   0x0000512c   0x00000040   Data   RO          498    .constdata          usbuser.o
    0x0000516c   0x0000516c   0x0000c001   Data   RO          519    .constdata          uzi.o
    0x0001116d   0x0001116d   0x0000c001   Data   RO          528    .constdata          wayne.o
    0x0001d16e   0x0001d16e   0x0000c001   Data   RO          537    .constdata          ye.o
    0x0002916f   0x0002916f   0x0000c001   Data   RO          546    .constdata          nas.o
    0x00035170   0x00035170   0x0000c001   Data   RO          555    .constdata          michael.o
    0x00041171   0x00041171   0x0000c001   Data   RO          564    .constdata          liquid_swords.o
    0x0004d172   0x0004d172   0x0000c001   Data   RO          573    .constdata          drake_128x128.o
    0x00059173   0x00059173   0x0000c001   Data   RO          582    .constdata          audio.o
    0x00065174   0x00065174   0x0000c001   Data   RO          591    .constdata          em.o
    0x00071175   0x00071175   0x00000003   PAD
    0x00071178   0x00071178   0x00000030   Data   RO          907    Region$$Table       anon$$obj.o


    Execution Region RW_IRAM1 (Exec base: 0x10000000, Load base: 0x000711a8, Size: 0x00000490, Max: 0x00008000, ABSOLUTE, COMPRESSED[0x00000070])

    Exec Addr    Load Addr    Size         Type   Attr      Idx    E Section Name        Object

    0x10000000   COMPRESSED   0x00000008   Data   RW           14    .data               system_lpc17xx.o
    0x10000008   COMPRESSED   0x00000006   Data   RW           43    .data               glcd_spi_lpc1700.o
    0x1000000e   COMPRESSED   0x00000002   PAD
    0x10000010   COMPRESSED   0x0000000c   Data   RW           95    .data               irq.o
    0x1000001c   COMPRESSED   0x00000040   Data   RW          107    .data               blinky.o
    0x1000005c   COMPRESSED   0x00000040   Data   RW          180    .data               gamefallingobjects.o
    0x1000009c   COMPRESSED   0x00000054   Data   RW          216    .data               gametictactoe.o
    0x100000f0   COMPRESSED   0x00000002   Data   RW          240    .data               adcuser.o
    0x100000f2   COMPRESSED   0x00000002   PAD
    0x100000f4   COMPRESSED   0x00000028   Data   RW          299    .data               usbcore.o
    0x1000011c   COMPRESSED   0x00000004   Data   RW          423    .data               usbdmain.o
    0x10000120   COMPRESSED   0x00000020   Data   RW          424    .data               usbdmain.o
    0x10000140   COMPRESSED   0x00000008   Data   RW          467    .data               usbhw.o
    0x10000148        -       0x00000064   Zero   RW          179    .bss                gamefallingobjects.o
    0x100001ac        -       0x00000024   Zero   RW          215    .bss                gametictactoe.o
    0x100001d0        -       0x00000040   Zero   RW          298    .bss                usbcore.o
    0x10000210        -       0x00000080   Zero   RW          465    .bss                usbhw.o
    0x10000290        -       0x00000200   Zero   RW            1    STACK               startup_lpc17xx.o


    Execution Region RW_USBRAM (Exec base: 0x20080000, Load base: 0x00071218, Size: 0x00000080, Max: 0x00004000, ABSOLUTE)

    Exec Addr    Load Addr    Size         Type   Attr      Idx    E Section Name        Object

    0x20080000        -       0x00000080   Zero   RW          468    USB_RAM             usbhw.o


==============================================================================

Image component sizes


      Code (inc. data)   RO Data    RW Data    ZI Data      Debug   Object Name

       188         18          0          2          0       1880   adcuser.o
         0          0      49153          0          0        623   audio.o
      1760        522          0         64          0      11485   blinky.o
         0          0      49153          0          0        627   drake_128x128.o
         0          0      49153          0          0        580   em.o
      1220        380          0         64        100       3815   gamefallingobjects.o
      1724        384          0         84         36       3641   gametictactoe.o
      2824         44       6272          6          0       9741   glcd_spi_lpc1700.o
        76          4          0         12          0        854   irq.o
        76         18          0          0          0        746   kbd.o
       136         12         32          0          0       1521   led.o
         0          0      49153          0          0        632   liquid_swords.o
         0          0      49153          0          0        621   michael.o
         0          0      49153          0          0        593   nas.o
        40         12        204          0        512        992   startup_lpc17xx.o
       708         34          0          8          0      22431   system_lpc17xx.o
      1752         74          0         40         64      15623   usbcore.o
         0          0        228          0          0        697   usbdesc.o
       760         40          0         36          0      23196   usbdmain.o
      1688        130         16          8        256      29187   usbhw.o
       172         20         64          0          0       3323   usbuser.o
         0          0      49153          0          0        593   uzi.o
         0          0      49153          0          0        603   wayne.o
         0          0      49153          0          0        580   ye.o

    ----------------------------------------------------------------------
     13124       1692     449246        328        968     134584   Object Totals
         0          0         48          0          0          0   (incl. Generated)
         0          0          5          4          0          0   (incl. Padding)

    ----------------------------------------------------------------------

      Code (inc. data)   RO Data    RW Data    ZI Data      Debug   Library Member Name

        86          0          0          0          0          0   __dczerorl2.o
         0          0          0          0          0          0   entry.o
         0          0          0          0          0          0   entry10a.o
         0          0          0          0          0          0   entry11a.o
         8          4          0          0          0          0   entry2.o
         4          0          0          0          0          0   entry5.o
         0          0          0          0          0          0   entry7b.o
         0          0          0          0          0          0   entry8b.o
         8          4          0          0          0          0   entry9a.o
        30          0          0          0          0          0   handlers.o
        36          8          0          0          0         68   init.o
        30          0          0          0          0         68   llshl.o
        32          0          0          0          0         68   llushr.o
       510          8          0          0          0        252   printf3.o
        44          0          0          0          0         80   uidiv.o
        98          0          0          0          0         92   uldiv.o

    ----------------------------------------------------------------------
       902         24          0          0          0        628   Library Totals
        16          0          0          0          0          0   (incl. Padding)

    ----------------------------------------------------------------------

      Code (inc. data)   RO Data    RW Data    ZI Data      Debug   Library Name

       886         24          0          0          0        628   mc_w.l

    ----------------------------------------------------------------------
       902         24          0          0          0        628   Library Totals

    ----------------------------------------------------------------------

==============================================================================


      Code (inc. data)   RO Data    RW Data    ZI Data      Debug   

     14026       1716     449246        328        968     133780   Grand Totals
     14026       1716     449246        112        968     133780   ELF Image Totals (compressed)
     14026       1716     449246        112          0          0   ROM Totals

==============================================================================

    Total RO  Size (Code + RO Data)               463272 ( 452.41kB)
    Total RW  Size (RW Data + ZI Data)              1296 (   1.27kB)
    Total ROM Size (Code + RO Data + RW Data)     463384 ( 452.52kB)

==============================================================================

